[debug] [2026-02-09T07:35:43.324Z] ----------------------------------------------------------------------
[debug] [2026-02-09T07:35:43.327Z] Command:       C:\Program Files\nodejs\node.exe C:\Users\welcome\AppData\Roaming\npm\node_modules\firebase-tools\lib\bin\firebase.js init
[debug] [2026-02-09T07:35:43.327Z] CLI Version:   15.5.1
[debug] [2026-02-09T07:35:43.327Z] Platform:      win32
[debug] [2026-02-09T07:35:43.328Z] Node Version:  v24.11.1
[debug] [2026-02-09T07:35:43.328Z] Time:          Mon Feb 09 2026 13:05:43 GMT+0530 (India Standard Time)
[debug] [2026-02-09T07:35:43.328Z] ----------------------------------------------------------------------
[debug] 
[info] 
     ######## #### ########  ######## ########     ###     ######  ########
     ##        ##  ##     ## ##       ##     ##  ##   ##  ##       ##
     ######    ##  ########  ######   ########  #########  ######  ######
     ##        ##  ##    ##  ##       ##     ## ##     ##       ## ##
     ##       #### ##     ## ######## ########  ##     ##  ######  ########

You're about to initialize a Firebase project in this directory:

  C:\Users\welcome\Desktop\maakhana_admin\maakhana_admin

[debug] [2026-02-09T07:46:57.132Z] ExitPromptError: User force closed the prompt with SIGINT
    at Interface.sigint (C:\Users\welcome\AppData\Roaming\npm\node_modules\firebase-tools\node_modules\@inquirer\core\dist\commonjs\lib\create-prompt.js:101:37)
    at Interface.emit (node:events:508:28)
    at [_ttyWrite] [as _ttyWrite] (node:internal/readline/interface:1317:18)
    at ReadStream.onkeypress (node:internal/readline/interface:284:20)
    at ReadStream.emit (node:events:520:35)
    at emitKeys (node:internal/readline/utils:371:14)
    at emitKeys.next (<anonymous>)
    at ReadStream.onData (node:internal/readline/emitKeypressEvents:64:36)
    at ReadStream.emit (node:events:508:28)
    at addChunk (node:internal/streams/readable:559:12)
[error] 
[error] Error: An unexpected error has occurred.
